{
    "Params: prepared inputs": {
        "content": [
            6,
            [
                "compressed_results",
                "compressed_results/BIFROST_input_Nitrofurantoin_HepG2_results.json",
                "pipeline_info",
                "report",
                "report/BIFROST_input_Nitrofurantoin_HepG2.html",
                "report/BIFROST_input_Nitrofurantoin_HepG2_data",
                "report/BIFROST_input_Nitrofurantoin_HepG2_data/bifrost_diagnostics_table.txt",
                "report/BIFROST_input_Nitrofurantoin_HepG2_data/bifrost_fc_down_summary.txt",
                "report/BIFROST_input_Nitrofurantoin_HepG2_data/bifrost_fc_up_summary.txt",
                "report/BIFROST_input_Nitrofurantoin_HepG2_data/bifrost_lowest_means_summary.txt",
                "report/BIFROST_input_Nitrofurantoin_HepG2_data/bifrost_stats_table.txt",
                "report/BIFROST_input_Nitrofurantoin_HepG2_data/bifrost_summary.txt",
                "report/BIFROST_input_Nitrofurantoin_HepG2_data/bifrost_weighted_summary.txt",
                "report/BIFROST_input_Nitrofurantoin_HepG2_data/multiqc_citations.txt",
                "report/BIFROST_input_Nitrofurantoin_HepG2_data/multiqc_data.json",
                "report/BIFROST_input_Nitrofurantoin_HepG2_data/multiqc_sources.txt",
                "report/BIFROST_input_Nitrofurantoin_HepG2_data/pod_vs_fc.txt"
            ]
        ],
        "meta": {
            "nf-test": "0.9.2",
            "nextflow": "25.04.4"
        },
        "timestamp": "2025-06-25T15:57:37.293467"
    },
    "Params: default": {
        "content": [
            7,
            [
                "compressed_results",
                "compressed_results/BIFROST_input_Nitrofurantoin_HepG2_results.json",
                "pipeline_info",
                "report",
                "report/BIFROST_input_Nitrofurantoin_HepG2.html",
                "report/BIFROST_input_Nitrofurantoin_HepG2_data",
                "report/BIFROST_input_Nitrofurantoin_HepG2_data/bifrost_diagnostics_table.txt",
                "report/BIFROST_input_Nitrofurantoin_HepG2_data/bifrost_fc_down_summary.txt",
                "report/BIFROST_input_Nitrofurantoin_HepG2_data/bifrost_fc_up_summary.txt",
                "report/BIFROST_input_Nitrofurantoin_HepG2_data/bifrost_lowest_means_summary.txt",
                "report/BIFROST_input_Nitrofurantoin_HepG2_data/bifrost_stats_table.txt",
                "report/BIFROST_input_Nitrofurantoin_HepG2_data/bifrost_summary.txt",
                "report/BIFROST_input_Nitrofurantoin_HepG2_data/bifrost_weighted_summary.txt",
                "report/BIFROST_input_Nitrofurantoin_HepG2_data/multiqc_citations.txt",
                "report/BIFROST_input_Nitrofurantoin_HepG2_data/multiqc_data.json",
                "report/BIFROST_input_Nitrofurantoin_HepG2_data/multiqc_sources.txt",
                "report/BIFROST_input_Nitrofurantoin_HepG2_data/pod_vs_fc.txt"
            ]
        ],
        "meta": {
            "nf-test": "0.9.2",
            "nextflow": "25.04.4"
        },
        "timestamp": "2025-06-24T12:07:47.546945"
    }
}