{
    "Should run without failures": {
        "content": [
            [
                [
                    {
                        "id": "Nitrofurantoin_HepG2"
                    },
                    "Nitrofurantoin_HepG2_probes.manifest.csv:md5,4c254d153466bb7280a67de0601a14d2",
                    [
                        "ACBD3_59.pkl:md5,28afc12d1e55c4fadf15d296365ec7d4",
                        "CEP89_11010.pkl:md5,31b3e55dd39360ebd71b9f9799acc25d",
                        "MPDU1_11661.pkl:md5,82e505e293e2dca689c8069ee783b5de",
                        "OAS3_90233.pkl:md5,f975b67023b80c60da130ee84bd3afd3",
                        "TMEM183A_34069.pkl:md5,a3c837415591997a19b7ce933d54e31d"
                    ]
                ]
            ]
        ],
        "meta": {
            "nf-test": "0.9.2",
            "nextflow": "25.04.4"
        },
        "timestamp": "2025-06-25T10:36:28.18437"
    }
}