{
    "Should run without failures": {
        "content": [
            [
                [
                    {
                        "id": "Nitrofurantoin_HepG2"
                    },
                    "Nitrofurantoin_HepG2_probes.manifest.csv:md5,4c254d153466bb7280a67de0601a14d2",
                    [
                        "ACBD3_59.pkl:md5,990b6a398a7c83feb9d1c0897f9dfb8f",
                        "CEP89_11010.pkl:md5,cd2ed81abbd724f8e449ae8ad8c46785",
                        "MPDU1_11661.pkl:md5,63d1c2d6941eaeeadb0312647d8fc95d",
                        "OAS3_90233.pkl:md5,5fa3b39270169e9cccd71c17ac9e92d2",
                        "TMEM183A_34069.pkl:md5,3a857ac8671daa9005832f61658d3541"
                    ]
                ]
            ]
        ],
        "timestamp": "2026-08-29T11:58:38.307961467",
        "meta": {
            "nf-test": "0.9.5",
            "nextflow": "26.04.6"
        }
    }
}