{
    "Should run without failures": {
        "content": [
            [
                "bipode_diagnostics_table.txt:md5,8cecf4819a026297873a3ea54fdec31e",
                "bipode_fc_down_summary.txt:md5,57eb41a4317ee95ab3d3e2a4a96820b5",
                "bipode_fc_up_summary.txt:md5,cfec6a71a43ea4115571c11ec86c774b",
                "bipode_lowest_means_summary.txt:md5,57eb41a4317ee95ab3d3e2a4a96820b5",
                "bipode_stats_table.txt:md5,c42849955d9b02a21ae17dedc4313c30",
                "bipode_summary.txt:md5,f7057bdedf3c4bb7f9c9f5d1dfcfbf7e",
                "bipode_weighted_summary.txt:md5,0f96c6eec6a5eb874f67eb892ebf5603",
                "multiqc_citations.txt:md5,4c806e63a283ec1b7e78cdae3a923d4f",
                "multiqc_sources.txt:md5,d2a044df39ce3c6abe5cdc2d67473490"
            ]
        ],
        "timestamp": "2026-08-29T11:57:37.632654919",
        "meta": {
            "nf-test": "0.9.5",
            "nextflow": "26.04.6"
        }
    }
}