{
    "Test with responder": {
        "content": [
            [
                [
                    {
                        "name": "Nitrofurantoin_HepG2",
                        "batch_number": 0
                    },
                    "MPDU1_11661.json:md5,41836913f72daf1d6d4666228039c1db"
                ]
            ]
        ],
        "timestamp": "2026-03-25T12:10:23.513888845",
        "meta": {
            "nf-test": "0.9.5",
            "nextflow": "25.10.2"
        }
    },
    "Test with non-responder": {
        "content": [
            [
                [
                    {
                        "name": "Nitrofurantoin_HepG2",
                        "batch_number": 0
                    },
                    "ACBD3_59.json:md5,bdd74416e409893555305e9fc37512d5"
                ]
            ]
        ],
        "timestamp": "2026-08-29T11:56:22.865953607",
        "meta": {
            "nf-test": "0.9.5",
            "nextflow": "26.04.6"
        }
    }
}