{
    "Test with responder": {
        "content": [
            [
                [
                    {
                        "name": "Nitrofurantoin_HepG2",
                        "batch_number": 0
                    },
                    "MPDU1_11661.json:md5,6c1f1d7c75305bce9697d0ce704ff38a"
                ]
            ]
        ],
        "meta": {
            "nf-test": "0.9.2",
            "nextflow": "25.04.4"
        },
        "timestamp": "2025-06-19T18:02:35.675029"
    },
    "Test with non-responder": {
        "content": [
            [
                [
                    {
                        "name": "Nitrofurantoin_HepG2",
                        "batch_number": 0
                    },
                    "ACBD3_59.json:md5,a5d3f3ca41790c4b316c92be0ddd2c3b"
                ]
            ]
        ],
        "meta": {
            "nf-test": "0.9.2",
            "nextflow": "25.04.4"
        },
        "timestamp": "2025-06-19T18:05:18.729576"
    }
}