{
    "Should run without failures": {
        "content": [
            [
                [
                    {
                        "name": "Nitrofurantoin_HepG2",
                        "batch_number": 0
                    },
                    [
                        "ACBD3_59.json:md5,52c4f8bae666c09411cfc33c0117e038",
                        "CEP89_11010.json:md5,46f44630ecad0ad83ea8a2442f472bcf"
                    ]
                ]
            ]
        ],
        "meta": {
            "nf-test": "0.9.2",
            "nextflow": "25.04.4"
        },
        "timestamp": "2025-06-18T15:50:20.430096"
    }
}