{
    "Should run without failures": {
        "content": [
            [
                "BIPODE_input_Nitrofurantoin_HepG2.json:md5,022bd61a67ac649a2519e7ad57e3031e"
            ]
        ],
        "timestamp": "2026-03-25T12:14:32.00190536",
        "meta": {
            "nf-test": "0.9.5",
            "nextflow": "25.10.2"
        }
    }
}