{
    "Should run without failures": {
        "content": [
            [
                "BIFROST_input_Nitrofurantoin_HepG2.json:md5,59f55bb27430d2ce61da731983e28ce3"
            ]
        ],
        "meta": {
            "nf-test": "0.9.2",
            "nextflow": "25.04.4"
        },
        "timestamp": "2025-06-25T10:35:03.631916"
    }
}