{
    "Should run without failures": {
        "content": [
            {
                "0": [
                    "BIFROST_HTTr_beta_logistic_batch:md5,560728d8c38b1331866d3b358d8b2b87"
                ],
                "compiled_model": [
                    "BIFROST_HTTr_beta_logistic_batch:md5,560728d8c38b1331866d3b358d8b2b87"
                ]
            }
        ],
        "meta": {
            "nf-test": "0.9.2",
            "nextflow": "25.04.3"
        },
        "timestamp": "2025-06-17T14:53:52.980953"
    }
}