{
    "Should run without failures": {
        "content": [
            [
                [
                    {
                        "id": "Nitrofurantoin_HepG2"
                    },
                    "Nitrofurantoin_HepG2_results.json:md5,0d07f1ed8bdecb07d99fef7f4cf8bebc"
                ]
            ]
        ],
        "meta": {
            "nf-test": "0.9.2",
            "nextflow": "24.10.2"
        },
        "timestamp": "2025-07-21T14:51:05.96226"
    }
}