{
    "Should run without failures": {
        "content": [
            [
                [
                    {
                        "id": "Nitrofurantoin_HepG2"
                    },
                    "Nitrofurantoin_HepG2_results.json:md5,72f07423ada330eff1edc3813a117942"
                ]
            ]
        ],
        "meta": {
            "nf-test": "0.9.2",
            "nextflow": "24.10.2"
        },
        "timestamp": "2025-07-21T14:51:05.96226"
    }
}